
> oficina-brezan-ia@0.1.0 build
> next build

Ôû▓ Next.js 16.1.6 (Turbopack)
- Environments: .env.local

  Creating an optimized production build ...
Ô£ô Compiled successfully in 15.0s
  Running TypeScript ...
node.exe : Failed to 
compile.
En línea: 1 Carácter: 1
+ & "C:\Program 
Files\nodejs/node.exe" 
"C:\Program 
Files\nodejs/node_mo 
...
+ ~~~~~~~~~~~~~~~~~~~~~
~~~~~~~~~~~~~~~~~~~~~~~
~~~~~~~~~~~~~~~~~~~~~~~
~~
    + CategoryInfo     
         : NotSpecifi  
  ed: (Failed to com   
 pile.:String) [],     
RemoteException
    + FullyQualifiedEr 
   rorId : NativeComm  
  andError
 

./hooks/useAgents.ts:56
:94
Type error: Property 
'name' does not exist 
on type '{} | { [key: 
string]: any; }'.
  Property 'name' does 
not exist on type '{}'.

[0m [90m 54 |[39m   
              { 
event[33m:[39m [32m'
*'[39m[33m,[39m 
schema[33m:[39m [32m
'public'[39m[33m,[39
m table[33m:[39m 
[32m'agents'[39m 
}[33m,[39m
 [90m 55 |[39m       
          (payload) 
[33m=>[39m {
[31m[1m>[22m[39m[9
0m 56 |[39m           
          console[33m.
[39mlog([32m'Realtime
 Update Received:'[39m
[33m,[39m payload[33
m.[39meventType[33m,
[39m payload[33m.[39m
[36mnew[39m[33m?[39
m[33m.[39mname[33m,
[39m payload[33m.[39m
[36mnew[39m[33m?[39
m[33m.[39mstatus)[33
m;[39m
 [90m    |[39m       
                       
                       
                       
                  
[31m[1m^[22m[39m
 [90m 57 |[39m       
              
[36mif[39m (payload[
33m.[39meventType 
[33m===[39m 
[32m'INSERT'[39m) {
 [90m 58 |[39m       
                  
setAgents((prev) 
[33m=>[39m [[33m...
[39mprev[33m,[39m pay
load[33m.[39m[36mnew
[39m [36mas[39m 
[33mAgent[39m])
 [90m 59 |[39m       
              } 
[36melse[39m 
[36mif[39m (payload[
33m.[39meventType 
[33m===[39m 
[32m'UPDATE'[39m) 
{[0m
Next.js build worker 
exited with code: 1 
and signal: null
